// Jest Snapshot v1, https://goo.gl/fbAQLP

exports[`should not failed 1`] = `"{\\"using_dependencies\\":{},\\"unused_dependencies\\":[\\"optimist\\"],\\"unused_dev_dependencies\\":[],\\"missing_dependencies\\":{}}"`;
