// Jest Snapshot v1, https://goo.gl/fbAQLP

exports[`should not failed 1`] = `
Object {
  "missingDependencies": Object {},
  "unusedDependencies": Array [
    "optimist",
  ],
  "unusedDevDependencies": Array [],
  "usingDependencies": Object {},
}
`;
